

================================================================
== Vivado HLS Report for 'cordic_sincos_generi'
================================================================
* Date:           Tue Jul 24 13:54:51 2018

* Version:        2018.1 (Build 2188600 on Wed Apr 04 19:04:02 MDT 2018)
* Project:        kalman_class
* Solution:       solution1
* Product family: kintexuplus
* Target device:  xcku5p-ffvb676-2-e


================================================================
== Performance Estimates
================================================================
+ Timing (ns): 
    * Summary: 
    +--------+-------+----------+------------+
    |  Clock | Target| Estimated| Uncertainty|
    +--------+-------+----------+------------+
    |ap_clk  |  10.00|      8.26|        1.25|
    +--------+-------+----------+------------+

+ Latency (clock cycles): 
    * Summary: 
    +-----+-----+-----+-----+---------+
    |  Latency  |  Interval | Pipeline|
    | min | max | min | max |   Type  |
    +-----+-----+-----+-----+---------+
    |    1|  102|    1|  102|   none  |
    +-----+-----+-----+-----+---------+

    + Detail: 
        * Instance: 
        +------------------------------+-------------------+-----+-----+-----+-----+---------+
        |                              |                   |  Latency  |  Interval | Pipeline|
        |           Instance           |       Module      | min | max | min | max |   Type  |
        +------------------------------+-------------------+-----+-----+-----+-----+---------+
        |grp_scaled_fixed2ieee_fu_344  |scaled_fixed2ieee  |    9|   11|    9|   11|   none  |
        |grp_scaled_fixed2ieee_fu_356  |scaled_fixed2ieee  |    9|   11|    9|   11|   none  |
        +------------------------------+-------------------+-----+-----+-----+-----+---------+

        * Loop: 
        +----------+-----+-----+----------+-----------+-----------+------+----------+
        |          |  Latency  | Iteration|  Initiation Interval  | Trip |          |
        | Loop Name| min | max |  Latency |  achieved |   target  | Count| Pipelined|
        +----------+-----+-----+----------+-----------+-----------+------+----------+
        |- Loop 1  |   86|   86|         2|          -|          -|    43|    no    |
        +----------+-----+-----+----------+-----------+-----------+------+----------+



================================================================
== Utilization Estimates
================================================================
* Summary: 
+-----------------+---------+-------+--------+--------+-----+
|       Name      | BRAM_18K| DSP48E|   FF   |   LUT  | URAM|
+-----------------+---------+-------+--------+--------+-----+
|DSP              |        -|      -|       -|       -|    -|
|Expression       |        -|     23|      40|    2413|    -|
|FIFO             |        -|      -|       -|       -|    -|
|Instance         |        -|      -|     786|    3100|    -|
|Memory           |        4|      -|     100|      21|    -|
|Multiplexer      |        -|      -|       -|     280|    -|
|Register         |        -|      -|     612|       -|    -|
+-----------------+---------+-------+--------+--------+-----+
|Total            |        4|     23|    1538|    5814|    0|
+-----------------+---------+-------+--------+--------+-----+
|Available        |      960|   1824|  433920|  216960|   64|
+-----------------+---------+-------+--------+--------+-----+
|Utilization (%)  |    ~0   |      1|   ~0   |       2|    0|
+-----------------+---------+-------+--------+--------+-----+

+ Detail: 
    * Instance: 
    +------------------------------+-------------------+---------+-------+-----+------+
    |           Instance           |       Module      | BRAM_18K| DSP48E|  FF |  LUT |
    +------------------------------+-------------------+---------+-------+-----+------+
    |grp_scaled_fixed2ieee_fu_344  |scaled_fixed2ieee  |        0|      0|  393|  1550|
    |grp_scaled_fixed2ieee_fu_356  |scaled_fixed2ieee  |        0|      0|  393|  1550|
    +------------------------------+-------------------+---------+-------+-----+------+
    |Total                         |                   |        0|      0|  786|  3100|
    +------------------------------+-------------------+---------+-------+-----+------+

    * DSP48: 
    N/A

    * Memory: 
    +--------------------------+----------------------+---------+-----+----+------+-----+------+-------------+
    |          Memory          |        Module        | BRAM_18K|  FF | LUT| Words| Bits| Banks| W*Bits*Banks|
    +--------------------------+----------------------+---------+-----+----+------+-----+------+-------------+
    |ref_4oPi_table_100_V_U    |cordic_sincos_geneOg  |        0|  100|  21|    13|  100|     1|         1300|
    |cordic_ctab_table_12_1_U  |cordic_sincos_genfYi  |        4|    0|   0|   128|  126|     1|        16128|
    +--------------------------+----------------------+---------+-----+----+------+-----+------+-------------+
    |Total                     |                      |        4|  100|  21|   141|  226|     2|        17428|
    +--------------------------+----------------------+---------+-----+----+------+-----+------+-------------+

    * FIFO: 
    N/A

    * Expression: 
    +---------------------------------+----------+-------+----+-----+------------+------------+
    |          Variable Name          | Operation| DSP48E| FF | LUT | Bitwidth P0| Bitwidth P1|
    +---------------------------------+----------+-------+----+-----+------------+------------+
    |p_Val2_9_fu_691_p2               |     *    |      4|   0|   28|          40|          40|
    |p_Val2_s_fu_724_p2               |     *    |      4|   0|   28|          40|          40|
    |r_V_1_fu_489_p2                  |     *    |     15|   0|   90|          80|          24|
    |expv_op_fu_422_p2                |     +    |      0|   0|   15|           7|           8|
    |k_fu_750_p2                      |     +    |      0|   0|   15|           6|           1|
    |p_i_cast_fu_515_p2               |     +    |      0|   0|   15|           2|           5|
    |r_V_i2_fu_780_p2                 |     +    |      0|   0|   50|          43|          43|
    |r_V_i7_fu_806_p2                 |     +    |      0|   0|   50|          43|          43|
    |r_V_i_fu_874_p2                  |     +    |      0|   0|   50|          43|          43|
    |z_s_V_fu_858_p2                  |     +    |      0|   0|   47|          40|          40|
    |Ex_V_fu_625_p2                   |     -    |      0|   0|   15|           7|           7|
    |p_Val2_i_fu_541_p2               |     -    |      0|   0|   76|           1|          69|
    |r_V_1_i_fu_800_p2                |     -    |      0|   0|   50|          43|          43|
    |r_V_4_i_fu_774_p2                |     -    |      0|   0|   50|          43|          43|
    |r_V_5_i_fu_868_p2                |     -    |      0|   0|   50|          43|          43|
    |tmp_22_i_fu_639_p2               |     -    |      0|   0|   15|           1|           7|
    |yprescale_V_cast_fu_715_p2       |     -    |      0|   0|   15|           1|           6|
    |ap_predicate_op125_call_state7   |    and   |      0|   0|    2|           1|           1|
    |x_s_V_fu_794_p2                  |   ashr   |      0|   0|  156|          43|          43|
    |y_s_V_fu_768_p2                  |   ashr   |      0|   0|  156|          43|          43|
    |val_assign_fu_589_p3             |   cttz   |      0|  40|   36|          32|           0|
    |closepath_fu_402_p2              |   icmp   |      0|   0|   11|           8|           7|
    |exitcond_i_fu_744_p2             |   icmp   |      0|   0|   11|           6|           6|
    |tmp_36_fu_396_p2                 |   icmp   |      0|   0|   11|           8|           7|
    |tmp_37_fu_681_p2                 |   icmp   |      0|   0|   11|           7|           5|
    |tmp_s_fu_390_p2                  |   icmp   |      0|   0|   11|           8|           2|
    |tmp_24_i_fu_661_p2               |   lshr   |      0|   0|  133|          40|          40|
    |ap_block_state7_on_subcall_done  |    or    |      0|   0|    2|           1|           1|
    |addr_V_fu_428_p3                 |  select  |      0|   0|    8|           1|           6|
    |fout_V_fu_673_p3                 |  select  |      0|   0|   40|           1|          40|
    |p_Val2_15_fu_546_p3              |  select  |      0|   0|   74|           1|          69|
    |p_Val2_23_fu_531_p3              |  select  |      0|   0|    3|           1|           1|
    |sel_fu_830_p3                    |  select  |      0|   0|    3|           1|           3|
    |sh_assign_2_fu_645_p3            |  select  |      0|   0|    7|           1|           7|
    |storemerge_i_fu_520_p3           |  select  |      0|   0|    5|           1|           5|
    |tx_V_fu_786_p3                   |  select  |      0|   0|   47|           1|          43|
    |ty_V_fu_812_p3                   |  select  |      0|   0|   47|           1|          43|
    |tz_V_fu_880_p3                   |  select  |      0|   0|   47|           1|          43|
    |p_Val2_17_fu_605_p2              |    shl   |      0|   0|  203|          69|          69|
    |r_V_fu_465_p2                    |    shl   |      0|   0|  330|         100|         100|
    |tmp_25_i_fu_667_p2               |    shl   |      0|   0|  133|          40|          40|
    |tmp_212_neg_fu_981_p2            |    xor   |      0|   0|   33|          32|          33|
    |tmp_213_neg_fu_966_p2            |    xor   |      0|   0|   33|          32|          33|
    |tmp_214_neg_fu_936_p2            |    xor   |      0|   0|   33|          32|          33|
    |tmp_215_neg_fu_951_p2            |    xor   |      0|   0|   33|          32|          33|
    |tmp_216_neg_fu_906_p2            |    xor   |      0|   0|   33|          32|          33|
    |tmp_217_neg_fu_921_p2            |    xor   |      0|   0|   33|          32|          33|
    |tmp_218_neg_fu_891_p2            |    xor   |      0|   0|   33|          32|          33|
    |tmp_219_neg_fu_996_p2            |    xor   |      0|   0|   33|          32|          33|
    |tmp_42_fu_825_p2                 |    xor   |      0|   0|    3|           3|           2|
    +---------------------------------+----------+-------+----+-----+------------+------------+
    |Total                            |          |     23|  40| 2413|        1158|        1395|
    +---------------------------------+----------+-------+----+-----+------------+------------+

    * Multiplexer: 
    +----------------------------------------------+----+-----------+-----+-----------+
    |                     Name                     | LUT| Input Size| Bits| Total Bits|
    +----------------------------------------------+----+-----------+-----+-----------+
    |ap_NS_fsm                                     |  41|          8|    1|          8|
    |ap_phi_mux_c_out_write_assign_phi_fu_320_p20  |  38|          7|   32|        224|
    |ap_phi_mux_s_out_write_assign_phi_fu_292_p20  |  38|          7|   32|        224|
    |ap_return_0                                   |   9|          2|   32|         64|
    |ap_return_1                                   |   9|          2|   32|         64|
    |c_out_write_assign_reg_315                    |  41|          8|   32|        256|
    |p_0_reg_253                                   |   9|          2|   43|         86|
    |p_1_reg_266                                   |   9|          2|   43|         86|
    |p_Val2_18_reg_210                             |   9|          2|   43|         86|
    |p_Val2_1_reg_220                              |   9|          2|   43|         86|
    |p_Val2_2_reg_231                              |   9|          2|   43|         86|
    |p_s_reg_277                                   |   9|          2|    6|         12|
    |s_out_write_assign_reg_288                    |  41|          8|   32|        256|
    |sh_assign_reg_242                             |   9|          2|    6|         12|
    +----------------------------------------------+----+-----------+-----+-----------+
    |Total                                         | 280|         56|  420|       1550|
    +----------------------------------------------+----+-----------+-----+-----------+

    * Register: 
    +-------------------------------------------+----+----+-----+-----------+
    |                    Name                   | FF | LUT| Bits| Const Bits|
    +-------------------------------------------+----+----+-----+-----------+
    |ap_CS_fsm                                  |   7|   0|    7|          0|
    |ap_return_0_preg                           |  32|   0|   32|          0|
    |ap_return_1_preg                           |  32|   0|   32|          0|
    |c_out_write_assign_reg_315                 |  32|   0|   32|          0|
    |closepath_reg_1037                         |   1|   0|    1|          0|
    |d_V_reg_1112                               |   1|   0|    1|          0|
    |fout_V_reg_1080                            |  40|   0|   40|          0|
    |grp_scaled_fixed2ieee_fu_344_ap_start_reg  |   1|   0|    1|          0|
    |grp_scaled_fixed2ieee_fu_356_ap_start_reg  |   1|   0|    1|          0|
    |k_reg_1107                                 |   6|   0|    6|          0|
    |p_0_reg_253                                |  43|   0|   43|          0|
    |p_1_reg_266                                |  43|   0|   43|          0|
    |p_Result_9_reg_1048                        |  23|   0|   23|          0|
    |p_Result_s_reg_1024                        |   1|   0|    1|          0|
    |p_Val2_13_reg_1063                         |  69|   0|   69|          0|
    |p_Val2_18_reg_210                          |  43|   0|   43|          0|
    |p_Val2_1_reg_220                           |  43|   0|   43|          0|
    |p_Val2_23_reg_1074                         |   3|   0|    3|          0|
    |p_Val2_2_reg_231                           |  43|   0|   43|          0|
    |p_s_reg_277                                |   6|   0|    6|          0|
    |s_out_write_assign_reg_288                 |  32|   0|   32|          0|
    |sel_reg_1132                               |   3|   0|    3|          0|
    |sh_assign_reg_242                          |   6|   0|    6|          0|
    |tmp_16_i_reg_1069                          |   3|   0|    3|          0|
    |tmp_34_reg_1058                            |   4|   0|    4|          0|
    |tmp_36_reg_1033                            |   1|   0|    1|          0|
    |tmp_37_reg_1085                            |   1|   0|    1|          0|
    |tmp_reg_1043                               |   5|   0|    5|          0|
    |tmp_s_reg_1029                             |   1|   0|    1|          0|
    |tx_V_reg_1117                              |  43|   0|   43|          0|
    |ty_V_reg_1122                              |  43|   0|   43|          0|
    +-------------------------------------------+----+----+-----+-----------+
    |Total                                      | 612|   0|  612|          0|
    +-------------------------------------------+----+----+-----+-----------+



================================================================
== Interface
================================================================
* Summary: 
+-------------+-----+-----+------------+----------------------+--------------+
|  RTL Ports  | Dir | Bits|  Protocol  |     Source Object    |    C Type    |
+-------------+-----+-----+------------+----------------------+--------------+
|ap_clk       |  in |    1| ap_ctrl_hs | cordic_sincos_generi | return value |
|ap_rst       |  in |    1| ap_ctrl_hs | cordic_sincos_generi | return value |
|ap_start     |  in |    1| ap_ctrl_hs | cordic_sincos_generi | return value |
|ap_done      | out |    1| ap_ctrl_hs | cordic_sincos_generi | return value |
|ap_idle      | out |    1| ap_ctrl_hs | cordic_sincos_generi | return value |
|ap_ready     | out |    1| ap_ctrl_hs | cordic_sincos_generi | return value |
|ap_return_0  | out |   32| ap_ctrl_hs | cordic_sincos_generi | return value |
|ap_return_1  | out |   32| ap_ctrl_hs | cordic_sincos_generi | return value |
|t_in         |  in |   32|   ap_none  |         t_in         |    scalar    |
+-------------+-----+-----+------------+----------------------+--------------+

